******************************************************************************
                  TI ARM Linker PC v20.2.5                     
******************************************************************************
>> Linked Fri Dec  3 22:57:00 2021

OUTPUT FILE NAME:   <robot.out>
ENTRY POINT SYMBOL: "_c_int00"  address: 000054b9


MEMORY CONFIGURATION

         name            origin    length      used     unused   attr    fill
----------------------  --------  ---------  --------  --------  ----  --------
  FLASH                 00000000   00040000  000092e4  00036d1c  R  X
  SRAM                  20000000   00008000  000019e6  0000661a  RW X


SEGMENT ALLOCATION MAP

run origin  load origin   length   init length attrs members
----------  ----------- ---------- ----------- ----- -------
00000000    00000000    000092f0   000092f0    r-x
  00000000    00000000    0000003c   0000003c    r-- .resetVecs
  00000040    00000040    000070b2   000070b2    r-x .text
  000070f8    000070f8    00001f66   00001f66    r-- .const
  00009060    00009060    00000290   00000290    r-- .cinit
20000000    20000000    000019e8   00000000    rw-
  20000000    20000000    00000360   00000000    rw- .vecs
  20000360    20000360    00000de0   00000000    rw- .bss
  20001140    20001140    000005a6   00000000    rw- .data
  200016e8    200016e8    00000300   00000000    rw- .stack


SECTION ALLOCATION MAP

 output                                  attributes/
section   page    origin      length       input sections
--------  ----  ----------  ----------   ----------------
.text      0    00000040    000070b2     
                  00000040    000009d0     rtsv7M4_T_le_v4SPD16_eabi.lib : e_pow.c.obj (.text:pow)
                  00000a10    00000430     sysbios.aem4f : BIOS.obj (.text:ti_sysbios_family_arm_m3_Hwi_excDumpRegs__I)
                  00000e40    0000034c     ti.targets.arm.rtsarm.aem4f : System.oem4f (.text:xdc_runtime_System_doPrint__I)
                  0000118c    00000314     main.obj (.text:PID)
                  000014a0    0000030c     main.obj (.text:UARTvprintf)
                  000017ac    00000004     driverlib.lib : timer.obj (.text:TimerIntClear)
                  000017b0    000002d0     sysbios.aem4f : BIOS.obj (.text:ti_sysbios_knl_Semaphore_pend__E)
                  00001a80    00000274     main.obj (.text:Hardware_Init)
                  00001cf4    00000004     driverlib.lib : uart.obj (.text:UARTIntClear)
                  00001cf8    0000026c     sysbios.aem4f : BIOS.obj (.text:ti_sysbios_heaps_HeapMem_free__E)
                  00001f64    00000004     rtsv7M4_T_le_v4SPD16_eabi.lib : exit.c.obj (.text:abort:abort)
                  00001f68    00000250     sysbios.aem4f : BIOS.obj (.text:ti_sysbios_heaps_HeapMem_alloc__E)
                  000021b8    000001f4                   : BIOS.obj (.text:ti_sysbios_family_arm_m3_Hwi_excHandlerMax__I)
                  000023ac    000001b6     rtsv7M4_T_le_v4SPD16_eabi.lib : fd_add_t2.asm.obj (.text)
                  00002562    00000002                                   : _lock.c.obj (.text:_nop)
                  00002564    000001a4     main.obj (.text:LightSensor)
                  00002708    00000174     sysbios.aem4f : BIOS.obj (.text:ti_sysbios_family_arm_m3_Hwi_excBusFault__I)
                  0000287c    00000004     empty_pem4f.oem4f (.text:ti_sysbios_BIOS_RtsGateProxy_enter__E)
                  00002880    00000164     sysbios.aem4f : BIOS.obj (.text:ti_sysbios_family_arm_m3_Hwi_excUsageFault__I)
                  000029e4    00000158     rtsv7M4_T_le_v4SPD16_eabi.lib : e_sqrt.c.obj (.text:sqrt)
                  00002b3c    00000004     empty_pem4f.oem4f (.text:ti_sysbios_BIOS_RtsGateProxy_leave__E)
                  00002b40    00000148     sysbios.aem4f : BIOS.obj (.text:ti_sysbios_family_arm_m3_Hwi_excMemFault__I)
                  00002c88    0000013c                   : BIOS.obj (.text:ti_sysbios_heaps_HeapMem_Instance_init__E)
                  00002dc4    00000136     rtsv7M4_T_le_v4SPD16_eabi.lib : fd_div_t2.asm.obj (.text)
                  00002efa    00000002                                   : div0.asm.obj (.text)
                  00002efc    00000134     main.obj (.text:send_buffer)
                  00003030    00000134     sysbios.aem4f : BIOS.obj (.text:ti_sysbios_family_arm_lm4_Timer_start__E)
                  00003164    00000130     driverlib.lib : gpio.obj (.text:GPIOPadConfigSet)
                  00003294    00000118     ti.targets.arm.rtsarm.aem4f : Error.oem4f (.text:xdc_runtime_Error_policyDefault__E)
                  000033ac    00000110     rtsv7M4_T_le_v4SPD16_eabi.lib : s_scalbn.c.obj (.text:scalbn)
                  000034bc    0000010c     driverlib.lib : sysctl.obj (.text:SysCtlClockGet)
                  000035c8    00000100     Boot.aem4f : Boot_sysctl.oem4f (.text:ti_catalog_arm_cortexm4_tiva_ce_Boot_sysCtlClockSetI__I)
                  000036c8    00000100     ti.targets.arm.rtsarm.aem4f : Core-mem.oem4f (.text:xdc_runtime_Core_createObject__I)
                  000037c8    000000fc     rtsv7M4_T_le_v4SPD16_eabi.lib : fd_mul_t2.asm.obj (.text)
                  000038c4    000000f8     ti.targets.arm.rtsarm.aem4f : Startup.oem4f (.text:xdc_runtime_Startup_startMods__I)
                  000039bc    000000f8     empty_pem4f.oem4f (.text:xdc_runtime_System_printfExtend__I)
                  00003ab4    000000f4     sysbios.aem4f : m3_Hwi_asm.obj (.text:ti_sysbios_family_arm_m3_Hwi_dispatch__I)
                  00003ba8    000000f0     driverlib.lib : sysctl.obj (.text:SysCtlClockSet)
                  00003c98    000000ec     sysbios.aem4f : BIOS.obj (.text:ti_sysbios_knl_Semaphore_post__E)
                  00003d84    000000e8     main.obj (.text:current_distance)
                  00003e6c    000000cc     ti.targets.arm.rtsarm.aem4f : Core-smem.oem4f (.text:xdc_runtime_Core_constructObject__I)
                  00003f38    000000bc     sysbios.aem4f : BIOS.obj (.text:ti_sysbios_family_arm_m3_Hwi_excDebugMon__I)
                  00003ff4    00000004                   : BIOS.obj (.text:ti_sysbios_family_arm_lm4_Timer_masterEnable__I)
                  00003ff8    000000bc                   : BIOS.obj (.text:ti_sysbios_family_arm_m3_Hwi_excHardFault__I)
                  000040b4    00000004     empty_pem4f.oem4f (.text:ti_sysbios_family_arm_m3_TaskSupport_Module__startupDone__S)
                  000040b8    000000b4     sysbios.aem4f : BIOS.obj (.text:ti_sysbios_gates_GateMutex_enter__E)
                  0000416c    00000004     empty_pem4f.oem4f (.text:ti_sysbios_heaps_HeapMem_Module_GateProxy_enter__E)
                  00004170    000000b4     sysbios.aem4f : BIOS.obj (.text:ti_sysbios_knl_Task_checkStacks__E)
                  00004224    00000004     empty_pem4f.oem4f (.text:ti_sysbios_heaps_HeapMem_Module_GateProxy_leave__E)
                  00004228    000000ac     sysbios.aem4f : BIOS.obj (.text:ti_sysbios_family_arm_lm4_Timer_enableTiva__I)
                  000042d4    00000004     empty_pem4f.oem4f (.text:ti_sysbios_knl_Clock_TimerProxy_getMaxTicks__E)
                  000042d8    000000a8     sysbios.aem4f : BIOS.obj (.text:ti_sysbios_family_arm_lm4_Timer_enableTimers__I)
                  00004380    000000a8                   : BIOS.obj (.text:ti_sysbios_knl_Task_postInit__I)
                  00004428    000000a0     auto_init.aem4f : auto_init.oem4f (.text)
                  000044c8    000000a0     ti.targets.arm.rtsarm.aem4f : Text.oem4f (.text:xdc_runtime_Text_putMod__E)
                  00004568    0000009c     rtsv7M4_T_le_v4SPD16_eabi.lib : memcpy_t2.asm.obj (.text)
                  00004604    00000004     empty_pem4f.oem4f (.text:ti_sysbios_knl_Queue_destruct)
                  00004608    0000009c     sysbios.aem4f : BIOS.obj (.text:ti_sysbios_knl_Semaphore_Instance_init__E)
                  000046a4    0000009a     ti.targets.arm.rtsarm.aem4f : Text.oem4f (.text:xdc_runtime_Text_putSite__E)
                  0000473e    00000002     empty_pem4f.oem4f (.text:ti_sysbios_BIOS_nullFunc__I)
                  00004740    00000098     main.obj (.text:getMsg)
                  000047d8    00000098     Boot.aem4f : Boot.oem4f (.text:ti_catalog_arm_cortexm4_tiva_ce_Boot_sysCtlClockSet__E)
                  00004870    00000094     main.obj (.text:Turn)
                  00004904    00000004     empty_pem4f.oem4f (.text:ti_sysbios_knl_Semaphore_destruct)
                  00004908    00000094     sysbios.aem4f : BIOS.obj (.text:ti_sysbios_family_arm_m3_Hwi_initNVIC__E)
                  0000499c    0000008c                   : m3_TaskSupport_asm.obj (.text:ti_sysbios_family_arm_m3_TaskSupport_buildTaskStack)
                  00004a28    00000086     rtsv7M4_T_le_v4SPD16_eabi.lib : fd_cmp_t2.asm.obj (.text:__aeabi_cdcmple)
                  00004aae    00000086                                   : fd_cmp_t2.asm.obj (.text:__aeabi_cdrcmple)
                  00004b34    00000004     ti.targets.arm.rtsarm.aem4f : Error.oem4f (.text:xdc_runtime_Error_getSite__E)
                  00004b38    00000084     sysbios.aem4f : BIOS.obj (.text:ti_sysbios_family_arm_m3_Hwi_postInit__I)
                  00004bbc    0000007a     driverlib.lib : adc.obj (.text:ADCSequenceStepConfigure)
                  00004c36    0000007a     rtsv7M4_T_le_v4SPD16_eabi.lib : memset_t2.asm.obj (.text)
                  00004cb0    00000070     sysbios.aem4f : BIOS.obj (.text:ti_sysbios_knl_Clock_workFunc__E)
                  00004d20    00000070                   : BIOS.obj (.text:ti_sysbios_knl_Task_exit__E)
                  00004d90    0000006e     rtsv7M4_T_le_v4SPD16_eabi.lib : fd_tos_t2.asm.obj (.text)
                  00004dfe    00000002     empty_pem4f.oem4f (.text:xdc_runtime_Startup_reset__I)
                  00004e00    0000006d     ti.targets.arm.rtsarm.aem4f : System.oem4f (.text:xdc_runtime_System_formatNum__I)
                  00004e6d    00000003     --HOLE-- [fill = 0]
                  00004e70    0000006c     sysbios.aem4f : BIOS.obj (.text:ti_sysbios_knl_Swi_restoreHwi__E)
                  00004edc    0000006c     ti.targets.arm.rtsarm.aem4f : Error.oem4f (.text:xdc_runtime_Error_print__E)
                  00004f48    0000006c                                 : Memory.oem4f (.text:xdc_runtime_Memory_alloc__E)
                  00004fb4    00000068     driverlib.lib : interrupt.obj (.text:IntEnable)
                  0000501c    00000068     rtsv7M4_T_le_v4SPD16_eabi.lib : copy_decompress_lzss.c.obj (.text:decompress:lzss:__TI_decompress_lzss)
                  00005084    00000066     ti.targets.arm.rtsarm.aem4f : Core-mem.oem4f (.text:xdc_runtime_Core_deleteObject__I)
                  000050ea    00000006     driverlib.lib : gpio.obj (.text:GPIOPinRead)
                  000050f0    00000064     sysbios.aem4f : BIOS.obj (.text:ti_sysbios_family_arm_lm4_Timer_Module_startup__E)
                  00005154    00000004     empty_pem4f.oem4f (.text:xdc_runtime_System_Module_GateProxy_enter__E)
                  00005158    00000064     sysbios.aem4f : BIOS.obj (.text:ti_sysbios_family_arm_m3_Hwi_dispatchC__I)
                  000051bc    00000060     driverlib.lib : timer.obj (.text:TimerConfigure)
                  0000521c    00000004     empty_pem4f.oem4f (.text:xdc_runtime_System_Module_GateProxy_leave__E)
                  00005220    00000060     sysbios.aem4f : BIOS.obj (.text:ti_sysbios_family_arm_lm4_Timer_isrStub__E)
                  00005280    00000060                   : BIOS.obj (.text:ti_sysbios_knl_Task_schedule__I)
                  000052e0    0000005c                   : BIOS.obj (.text:ti_sysbios_knl_Swi_run__I)
                  0000533c    00000004     ti.targets.arm.rtsarm.aem4f : System.oem4f (.text:xdc_runtime_System_aprintf_va__F)
                  00005340    0000005c     sysbios.aem4f : BIOS.obj (.text:ti_sysbios_knl_Swi_schedule__I)
                  0000539c    00000004     ti.targets.arm.rtsarm.aem4f : System.oem4f (.text:xdc_runtime_System_printf_va__F)
                  000053a0    0000005c     sysbios.aem4f : BIOS.obj (.text:ti_sysbios_knl_Task_Module_startup__E)
                  000053fc    00000004     --HOLE-- [fill = 0]
                  00005400    0000005c                   : BIOS.obj (.text:ti_sysbios_knl_Task_startCore__E)
                  0000545c    0000005b     ti.targets.arm.rtsarm.aem4f : Text.oem4f (.text:xdc_runtime_Text_putLab__E)
                  000054b7    00000001     --HOLE-- [fill = 0]
                  000054b8    00000058     boot.aem4f : boot.oem4f (.text)
                  00005510    00000058     rtsv7M4_T_le_v4SPD16_eabi.lib : hostwrite.c.obj (.text:HOSTwrite)
                  00005568    00000058     sysbios.aem4f : m3_Hwi_asm_switch.obj (.text:ti_sysbios_family_arm_m3_Hwi_initStacks__E)
                  000055c0    00000054     main.obj (.text:UARTStdioConfig)
                  00005614    00000054     main.obj (.text:goForward)
                  00005668    00000054     main.obj (.text:goReverse)
                  000056bc    00000054     ti.targets.arm.rtsarm.aem4f : Assert.oem4f (.text:xdc_runtime_Assert_raise__I)
                  00005710    00000050     sysbios.aem4f : BIOS.obj (.text:ti_sysbios_family_arm_m3_Hwi_Module_startup__E)
                  00005760    00000050     ti.targets.arm.rtsarm.aem4f : Startup.oem4f (.text:xdc_runtime_Startup_exec__E)
                  000057b0    00000050                                 : Text.oem4f (.text:xdc_runtime_Text_visitRope2__I)
                  00005800    0000004c     main.obj (.text:UARTwrite)
                  0000584c    0000004c     rtsv7M4_T_le_v4SPD16_eabi.lib : cpy_tbl.c.obj (.text:copy_in)
                  00005898    0000004c     sysbios.aem4f : BIOS.obj (.text:ti_sysbios_heaps_HeapMem_getStats__E)
                  000058e4    00000004     --HOLE-- [fill = 0]
                  000058e8    0000004c                   : BIOS.obj (.text:ti_sysbios_knl_Swi_runLoop__I)
                  00005934    00000004     --HOLE-- [fill = 0]
                  00005938    0000004c                   : BIOS.obj (.text:ti_sysbios_knl_Task_allBlockedFunction__I)
                  00005984    00000048     driverlib.lib : gpio.obj (.text:GPIOPinConfigure)
                  000059cc    00000004     --HOLE-- [fill = 0]
                  000059d0    00000048     sysbios.aem4f : BIOS.obj (.text:ti_sysbios_family_arm_m3_Hwi_disableInterrupt__E)
                  00005a18    00000048                   : BIOS.obj (.text:ti_sysbios_family_arm_m3_Hwi_enableInterrupt__E)
                  00005a60    00000048                   : BIOS.obj (.text:ti_sysbios_family_arm_m3_Hwi_excReserved__I)
                  00005aa8    00000046     ti.targets.arm.rtsarm.aem4f : Core-params.oem4f (.text:xdc_runtime_Core_assignParams__I)
                  00005aee    00000002     --HOLE-- [fill = 0]
                  00005af0    00000044     sysbios.aem4f : BIOS.obj (.text:ti_sysbios_family_arm_m3_Hwi_getStackInfo__E)
                  00005b34    00000004     --HOLE-- [fill = 0]
                  00005b38    00000044                   : BIOS.obj (.text:ti_sysbios_knl_Swi_post__E)
                  00005b7c    00000044     ti.targets.arm.rtsarm.aem4f : Error.oem4f (.text:xdc_runtime_Error_setX__E)
                  00005bc0    00000044                                 : SysMin.oem4f (.text:xdc_runtime_SysMin_flush__E)
                  00005c04    00000044                                 : Text.oem4f (.text:xdc_runtime_Text_xprintf__I)
                  00005c48    00000042     driverlib.lib : uart.obj (.text:UARTConfigSetExpClk)
                  00005c8a    00000040     rtsv7M4_T_le_v4SPD16_eabi.lib : u_divt2.asm.obj (.text)
                  00005cca    00000006     driverlib.lib : gpio.obj (.text:GPIOPinWrite)
                  00005cd0    00000040     sysbios.aem4f : BIOS.obj (.text:ti_sysbios_family_arm_lm4_Timer_startup__E)
                  00005d10    0000003e     driverlib.lib : adc.obj (.text:ADCSequenceConfigure)
                  00005d4e    00000002     --HOLE-- [fill = 0]
                  00005d50    0000003c     main.obj (.text:stop)
                  00005d8c    00000004     --HOLE-- [fill = 0]
                  00005d90    0000003c     sysbios.aem4f : BIOS.obj (.text:ti_sysbios_family_arm_m3_Hwi_excSvCall__I)
                  00005dcc    00000004     --HOLE-- [fill = 0]
                  00005dd0    0000003c                   : BIOS.obj (.text:ti_sysbios_heaps_HeapMem_init__I)
                  00005e0c    00000004     --HOLE-- [fill = 0]
                  00005e10    0000003c                   : BIOS.obj (.text:ti_sysbios_knl_Swi_restore__E)
                  00005e4c    00000038     driverlib.lib : sysctl.obj (.text:SysCtlPeripheralPresent)
                  00005e84    00000038     rtsv7M4_T_le_v4SPD16_eabi.lib : trgmsg.c.obj (.text:__TI_writemsg)
                  00005ebc    00000038                                   : fs_tod_t2.asm.obj (.text)
                  00005ef4    00000004     --HOLE-- [fill = 0]
                  00005ef8    00000038     sysbios.aem4f : BIOS.obj (.text:ti_sysbios_family_arm_m3_Hwi_excNoIsr__I)
                  00005f30    00000038                   : BIOS.obj (.text:ti_sysbios_knl_Task_processVitalTaskFlag__I)
                  00005f68    00000038     ti.targets.arm.rtsarm.aem4f : SysMin.oem4f (.text:xdc_runtime_SysMin_putch__E)
                  00005fa0    00000038                                 : System.oem4f (.text:xdc_runtime_System_atexit__E)
                  00005fd8    00000034     driverlib.lib : sysctl.obj (.text:SysCtlPeripheralEnable)
                  0000600c    00000034     rtsv7M4_T_le_v4SPD16_eabi.lib : trgmsg.c.obj (.text:__TI_readmsg)
                  00006040    00000034     sysbios.aem4f : BIOS.obj (.text:ti_sysbios_family_arm_m3_Hwi_excNmi__I)
                  00006074    00000004     --HOLE-- [fill = 0]
                  00006078    00000034                   : BIOS.obj (.text:ti_sysbios_hal_Hwi_checkStack)
                  000060ac    00000034     ti.targets.arm.rtsarm.aem4f : Core-label.oem4f (.text:xdc_runtime_Core_assignLabel__I)
                  000060e0    00000033                                 : Text.oem4f (.text:xdc_runtime_Text_printVisFxn__I)
                  00006113    00000005     --HOLE-- [fill = 0]
                  00006118    00000032     sysbios.aem4f : BIOS.obj (.text:ti_sysbios_hal_Hwi_initStack)
                  0000614a    00000002     --HOLE-- [fill = 0]
                  0000614c    00000030     main.obj (.text:swi_Turning)
                  0000617c    00000030     empty_pem4f.oem4f (.text:ti_sysbios_BIOS_atExitFunc__I)
                  000061ac    00000004     --HOLE-- [fill = 0]
                  000061b0    00000030     sysbios.aem4f : BIOS.obj (.text:ti_sysbios_family_arm_lm4_Timer_stop__E)
                  000061e0    00000030                   : BIOS.obj (.text:ti_sysbios_family_arm_m3_TaskSupport_start__E)
                  00006210    00000030     empty_pem4f.oem4f (.text:ti_sysbios_gates_GateHwi_Object__create__S)
                  00006240    00000030     empty_pem4f.oem4f (.text:ti_sysbios_gates_GateMutex_Object__create__S)
                  00006270    00000030     empty_pem4f.oem4f (.text:ti_sysbios_heaps_HeapMem_Object__create__S)
                  000062a0    00000030     empty_pem4f.oem4f (.text:ti_sysbios_knl_Semaphore_construct)
                  000062d0    00000030     sysbios.aem4f : BIOS.obj (.text:ti_sysbios_knl_Semaphore_pendTimeout__I)
                  00006300    00000030                   : BIOS.obj (.text:ti_sysbios_knl_Task_unblockI__E)
                  00006330    00000030     ti.targets.arm.rtsarm.aem4f : SysMin.oem4f (.text:xdc_runtime_SysMin_abort__E)
                  00006360    00000030                                 : System.oem4f (.text:xdc_runtime_System_processAtExit__E)
                  00006390    0000002e     rtsv7M4_T_le_v4SPD16_eabi.lib : i_tofd_t2.asm.obj (.text)
                  000063be    00000002     --HOLE-- [fill = 0]
                  000063c0    0000002c     main.obj (.text:blueLED)
                  000063ec    0000002c     main.obj (.text:greenLED)
                  00006418    0000002c     empty_pem4f.oem4f (.text:ti_sysbios_knl_Clock_doTick__I)
                  00006444    0000002c     empty_pem4f.oem4f (.text:ti_sysbios_knl_Queue_construct)
                  00006470    0000002c     sysbios.aem4f : BIOS.obj (.text:ti_sysbios_knl_Task_restore__E)
                  0000649c    0000002c     main.obj (.text:whiteLED)
                  000064c8    0000002c     ti.targets.arm.rtsarm.aem4f : Text.oem4f (.text:xdc_runtime_Text_cordText__E)
                  000064f4    0000002a     driverlib.lib : gpio.obj (.text:GPIODirModeSet)
                  0000651e    0000002a     ti.targets.arm.rtsarm.aem4f : System.oem4f (.text:xdc_runtime_System_putchar__I)
                  00006548    00000028     main.obj (.text:adc_read_front)
                  00006570    00000028     main.obj (.text:adc_read_side)
                  00006598    00000028     main.obj (.text:hwi_Bluetooth)
                  000065c0    00000028     main.obj (.text:hwi_timer)
                  000065e8    00000028     main.obj (.text:offLED)
                  00006610    00000028     main.obj (.text:redLED)
                  00006638    00000028     sysbios.aem4f : BIOS.obj (.text:ti_sysbios_knl_Swi_Module_startup__E)
                  00006660    00000026                   : m3_Hwi_asm.obj (.text:ti_sysbios_family_arm_m3_Hwi_pendSV__I)
                  00006686    00000026     ti.targets.arm.rtsarm.aem4f : System.oem4f (.text:xdc_runtime_System_avprintf__E)
                  000066ac    00000024     main.obj (.text:UARTprintf)
                  000066d0    00000024     empty_pem4f.oem4f (.text:ti_sysbios_BIOS_errorRaiseHook__I)
                  000066f4    00000024     empty_pem4f.oem4f (.text:ti_sysbios_BIOS_registerRTSLock__I)
                  00006718    00000024     empty_pem4f.oem4f (.text:ti_sysbios_BIOS_removeRTSLock__I)
                  0000673c    00000024     empty_pem4f.oem4f (.text:ti_sysbios_BIOS_startFunc__I)
                  00006760    00000024     empty_pem4f.oem4f (.text:ti_sysbios_gates_GateMutex_Object__delete__S)
                  00006784    00000004     --HOLE-- [fill = 0]
                  00006788    00000024     sysbios.aem4f : BIOS.obj (.text:ti_sysbios_knl_Clock_Module_startup__E)
                  000067ac    00000004     --HOLE-- [fill = 0]
                  000067b0    00000024                   : BIOS.obj (.text:ti_sysbios_knl_Task_restoreHwi__E)
                  000067d4    00000024     ti.targets.arm.rtsarm.aem4f : System.oem4f (.text:xdc_runtime_System_vprintf__E)
                  000067f8    00000022     driverlib.lib : pwm.obj (.text:PWMGenConfigure)
                  0000681a    00000006                   : sysctl.obj (.text:SysCtlDelay)
                  00006820    00000022     sysbios.aem4f : BIOS.obj (.text:ti_sysbios_family_arm_lm4_Timer_write__I)
                  00006842    00000022     empty_pem4f.oem4f (.text:xdc_runtime_SysMin_output__I)
                  00006864    00000020     rtsv7M4_T_le_v4SPD16_eabi.lib : u_tofd_t2.asm.obj (.text)
                  00006884    00000020     empty_pem4f.oem4f (.text:ti_sysbios_BIOS_rtsLock__I)
                  000068a4    00000020     sysbios.aem4f : m3_Hwi_asm.obj (.text:ti_sysbios_family_arm_m3_Hwi_excHandlerAsm__I)
                  000068c4    00000004     --HOLE-- [fill = 0]
                  000068c8    00000020                   : BIOS.obj (.text:ti_sysbios_family_arm_m3_Hwi_excHandler__I)
                  000068e8    00000020     empty_pem4f.oem4f (.text:ti_sysbios_gates_GateHwi_Object__delete__S)
                  00006908    00000020     empty_pem4f.oem4f (.text:ti_sysbios_heaps_HeapMem_Object__delete__S)
                  00006928    00000020     sysbios.aem4f : BIOS.obj (.text:ti_sysbios_knl_Idle_run__E)
                  00006948    00000020     empty_pem4f.oem4f (.text:ti_sysbios_knl_Semaphore_Object__destruct__S)
                  00006968    00000020     ti.targets.arm.rtsarm.aem4f : Registry.oem4f (.text:xdc_runtime_Registry_findById__E)
                  00006988    00000020                                 : SysMin.oem4f (.text:xdc_runtime_SysMin_Module_startup__E)
                  000069a8    0000001e     driverlib.lib : adc.obj (.text:ADCSequenceDataGet)
                  000069c6    0000001e                   : pwm.obj (.text:PWMPulseWidthSet)
                  000069e4    0000001e     sysbios.aem4f : m3_Hwi_asm_switch.obj (.text:ti_sysbios_family_xxx_Hwi_switchAndRunFunc)
                  00006a02    00000002     --HOLE-- [fill = 0]
                  00006a04    0000001c     driverlib.lib : uart.obj (.text:UARTDisable)
                  00006a20    0000001c     sysbios.aem4f : BIOS.obj (.text:ti_sysbios_gates_GateMutex_Instance_init__E)
                  00006a3c    0000001c     empty_pem4f.oem4f (.text:ti_sysbios_knl_Queue_Object__destruct__S)
                  00006a58    0000001c     sysbios.aem4f : BIOS.obj (.text:ti_sysbios_knl_Task_enter__I)
                  00006a74    0000001c     ti.targets.arm.rtsarm.aem4f : Error.oem4f (.text:xdc_runtime_Error_raiseX__E)
                  00006a90    0000001c                                 : Memory.oem4f (.text:xdc_runtime_Memory_valloc__E)
                  00006aac    0000001c                                 : SysMin.oem4f (.text:xdc_runtime_SysMin_exit__E)
                  00006ac8    0000001c                                 : System.oem4f (.text:xdc_runtime_System_abort__E)
                  00006ae4    0000001a     rtsv7M4_T_le_v4SPD16_eabi.lib : s_copysign.c.obj (.text:copysign)
                  00006afe    0000001a     empty_pem4f.oem4f (.text:ti_sysbios_family_arm_m3_Hwi_Handle__label__S)
                  00006b18    0000001a     empty_pem4f.oem4f (.text:ti_sysbios_gates_GateHwi_Handle__label__S)
                  00006b32    0000001a     empty_pem4f.oem4f (.text:ti_sysbios_gates_GateMutex_Handle__label__S)
                  00006b4c    0000001a     empty_pem4f.oem4f (.text:ti_sysbios_heaps_HeapMem_Handle__label__S)
                  00006b66    0000001a     empty_pem4f.oem4f (.text:ti_sysbios_knl_Swi_Handle__label__S)
                  00006b80    0000001a     empty_pem4f.oem4f (.text:ti_sysbios_knl_Task_Handle__label__S)
                  00006b9a    0000001a     empty_pem4f.oem4f (.text:xdc_runtime_System_aprintf__E)
                  00006bb4    0000001a     empty_pem4f.oem4f (.text:xdc_runtime_System_printf__E)
                  00006bce    00000018     driverlib.lib : adc.obj (.text:ADCProcessorTrigger)
                  00006be6    00000018                   : gpio.obj (.text:GPIOPinTypeGPIOOutput)
                  00006bfe    00000002     --HOLE-- [fill = 0]
                  00006c00    00000018     main.obj (.text:RunTask)
                  00006c18    00000018     rtsv7M4_T_le_v4SPD16_eabi.lib : args_main.c.obj (.text:_args_main)
                  00006c30    00000018     empty_pem4f.oem4f (.text:ti_sysbios_BIOS_rtsUnlock__I)
                  00006c48    00000018     empty_pem4f.oem4f (.text:ti_sysbios_family_arm_lm4_Timer_Module__startupDone__F)
                  00006c60    00000018     empty_pem4f.oem4f (.text:ti_sysbios_family_arm_m3_Hwi_Module__startupDone__F)
                  00006c78    00000018     sysbios.aem4f : m3_TaskSupport_asm.obj (.text:ti_sysbios_family_arm_m3_TaskSupport_swap__E)
                  00006c90    00000018                   : BIOS.obj (.text:ti_sysbios_gates_GateMutex_leave__E)
                  00006ca8    00000018     ti.targets.arm.rtsarm.aem4f : Error.oem4f (.text:xdc_runtime_Error_check__E)
                  00006cc0    00000018                                 : System.oem4f (.text:xdc_runtime_System_exit__E)
                  00006cd8    00000018                                 : Text.oem4f (.text:xdc_runtime_Text_ropeText__E)
                  00006cf0    00000016     empty_pem4f.oem4f (.text:ti_sysbios_BIOS_exitFunc__I)
                  00006d06    00000002     --HOLE-- [fill = 0]
                  00006d08    00000014     driverlib.lib : sysctl.obj (.text:SysCtlPWMClockSet)
                  00006d1c    00000014                   : uart.obj (.text:UARTEnable)
                  00006d30    00000014     rtsv7M4_T_le_v4SPD16_eabi.lib : strlen.c.obj (.text:strlen)
                  00006d44    00000014     empty_pem4f.oem4f (.text:ti_sysbios_family_arm_m3_Hwi_Object__get__S)
                  00006d58    00000014     sysbios.aem4f : BIOS.obj (.text:ti_sysbios_family_arm_m3_Hwi_switchFromBootStack__E)
                  00006d6c    00000014     empty_pem4f.oem4f (.text:ti_sysbios_heaps_HeapMem_Object__get__S)
                  00006d80    00000014     empty_pem4f.oem4f (.text:ti_sysbios_knl_Swi_Object__get__S)
                  00006d94    00000012     driverlib.lib : gpio.obj (.text:GPIOPinTypeADC)
                  00006da6    00000012                   : gpio.obj (.text:GPIOPinTypeGPIOInput)
                  00006db8    00000012                   : gpio.obj (.text:GPIOPinTypePWM)
                  00006dca    00000012                   : gpio.obj (.text:GPIOPinTypeUART)
                  00006ddc    00000012                   : pwm.obj (.text:PWMOutputState)
                  00006dee    00000012                   : timer.obj (.text:TimerLoadSet)
                  00006e00    00000012     sysbios.aem4f : BIOS.obj (.text:ti_sysbios_hal_Hwi_Module_startup__E)
                  00006e12    00000012     empty_pem4f.oem4f (.text:xdc_runtime_Startup_exec__I)
                  00006e24    00000010     driverlib.lib : pwm.obj (.text:PWMGenPeriodSet)
                  00006e34    00000004     --HOLE-- [fill = 0]
                  00006e38    00000010     sysbios.aem4f : BIOS.obj (.text:ti_sysbios_BIOS_setThreadType__E)
                  00006e48    00000010                   : BIOS.obj (.text:ti_sysbios_BIOS_start__E)
                  00006e58    00000010                   : m3_TaskSupport_asm.obj (.text:ti_sysbios_family_arm_m3_TaskSupport_glue)
                  00006e68    00000010                   : BIOS.obj (.text:ti_sysbios_gates_GateMutex_Instance_finalize__E)
                  00006e78    00000010                   : BIOS.obj (.text:ti_sysbios_knl_Semaphore_Instance_finalize__E)
                  00006e88    00000010                   : BIOS.obj (.text:ti_sysbios_knl_Swi_disable__E)
                  00006e98    00000010     empty_pem4f.oem4f (.text:ti_sysbios_knl_Task_Object__get__S)
                  00006ea8    00000010     sysbios.aem4f : BIOS.obj (.text:ti_sysbios_knl_Task_disable__E)
                  00006eb8    00000010     ti.targets.arm.rtsarm.aem4f : Gate.oem4f (.text:xdc_runtime_Gate_leaveSystem__E)
                  00006ec8    00000010                                 : Memory.oem4f (.text:xdc_runtime_Memory_free__E)
                  00006ed8    00000010                                 : SysMin.oem4f (.text:xdc_runtime_SysMin_ready__E)
                  00006ee8    00000010                                 : System.oem4f (.text:xdc_runtime_System_vsnprintf__E)
                  00006ef8    00000010     empty_pem4f.oem4f (.text:xdc_runtime_Text_visitRope__I)
                  00006f08    0000000e     driverlib.lib : adc.obj (.text:ADCSequenceDisable)
                  00006f16    0000000e                   : adc.obj (.text:ADCSequenceEnable)
                  00006f24    0000000e                   : timer.obj (.text:TimerEnable)
                  00006f32    0000000e     rtsv7M4_T_le_v4SPD16_eabi.lib : copy_decompress_none.c.obj (.text:decompress:none:__TI_decompress_none)
                  00006f40    0000000e     main.obj (.text:main)
                  00006f4e    00000002     --HOLE-- [fill = 0]
                  00006f50    0000000e     sysbios.aem4f : BIOS.obj (.text:ti_sysbios_knl_Idle_loop__E)
                  00006f5e    00000002     --HOLE-- [fill = 0]
                  00006f60    0000000e                   : BIOS.obj (.text:ti_sysbios_knl_Queue_empty__E)
                  00006f6e    00000002     --HOLE-- [fill = 0]
                  00006f70    0000000c     empty_pem4f.oem4f (.text:.bootCodeSection:ti_catalog_arm_cortexm4_tiva_ce_Boot_init__I)
                  00006f7c    0000000c     driverlib.lib : pwm.obj (.text:PWMGenEnable)
                  00006f88    0000000c                   : uart.obj (.text:UARTCharsAvail)
                  00006f94    0000000c     rtsv7M4_T_le_v4SPD16_eabi.lib : _lock.c.obj (.text:_register_lock)
                  00006fa0    0000000c                                   : _lock.c.obj (.text:_register_unlock)
                  00006fac    0000000c                                   : copy_zero_init.c.obj (.text:decompress:ZI:__TI_zero_init)
                  00006fb8    0000000c     sysbios.aem4f : BIOS.obj (.text:ti_sysbios_family_arm_lm4_Timer_getMaxTicks__E)
                  00006fc4    00000004     --HOLE-- [fill = 0]
                  00006fc8    0000000c                   : BIOS.obj (.text:ti_sysbios_family_arm_m3_TaskSupport_checkStack__E)
                  00006fd4    00000004     --HOLE-- [fill = 0]
                  00006fd8    0000000c                   : BIOS.obj (.text:ti_sysbios_gates_GateHwi_enter__E)
                  00006fe4    0000000c     empty_pem4f.oem4f (.text:ti_sysbios_knl_Queue_Object__get__S)
                  00006ff0    0000000c     ti.targets.arm.rtsarm.aem4f : Error.oem4f (.text:xdc_runtime_Error_init__E)
                  00006ffc    0000000c                                 : Gate.oem4f (.text:xdc_runtime_Gate_enterSystem__E)
                  00007008    0000000c                                 : Memory.oem4f (.text:xdc_runtime_Memory_calloc__E)
                  00007014    0000000c                                 : Memory.oem4f (.text:xdc_runtime_Memory_getMaxDefaultTypeAlign__E)
                  00007020    0000000a     driverlib.lib : adc.obj (.text:ADCIntClear)
                  0000702a    0000000a                   : timer.obj (.text:TimerValueGet)
                  00007034    0000000a                   : uart.obj (.text:UARTCharGet)
                  0000703e    0000000a                   : uart.obj (.text:UARTCharPut)
                  00007048    0000000a                   : uart.obj (.text:UARTIntStatus)
                  00007052    0000000a     empty_pem4f.oem4f (.text:xdc_runtime_IHeap_alloc)
                  0000705c    0000000a     empty_pem4f.oem4f (.text:xdc_runtime_IHeap_free)
                  00007066    00000008     driverlib.lib : timer.obj (.text:TimerIntEnable)
                  0000706e    00000008                   : uart.obj (.text:UARTIntEnable)
                  00007076    00000002     --HOLE-- [fill = 0]
                  00007078    00000008     rtsv7M4_T_le_v4SPD16_eabi.lib : errno.c.obj (.text:__aeabi_errno_addr)
                  00007080    00000008     sysbios.aem4f : BIOS.obj (.text:ti_sysbios_family_arm_lm4_Timer_masterDisable__I)
                  00007088    00000008                   : BIOS.obj (.text:ti_sysbios_family_arm_m3_Hwi_doSwiRestore__I)
                  00007090    00000008                   : BIOS.obj (.text:ti_sysbios_family_arm_m3_Hwi_startup__E)
                  00007098    00000006     Boot.aem4f : Boot_sysctl.oem4f (.text:ti_catalog_arm_cortexm4_tiva_ce_Boot_sysCtlDelayI__I)
                  0000709e    00000002     --HOLE-- [fill = 0]
                  000070a0    00000006     sysbios.aem4f : BIOS.obj (.text:ti_sysbios_family_arm_m3_Hwi_doTaskRestore__I)
                  000070a6    00000002     --HOLE-- [fill = 0]
                  000070a8    00000006                   : BIOS.obj (.text:ti_sysbios_gates_GateHwi_leave__E)
                  000070ae    00000002     --HOLE-- [fill = 0]
                  000070b0    00000006                   : BIOS.obj (.text:ti_sysbios_heaps_HeapMem_isBlocking__E)
                  000070b6    00000002     --HOLE-- [fill = 0]
                  000070b8    00000006                   : BIOS.obj (.text:ti_sysbios_knl_Queue_Instance_init__E)
                  000070be    00000002     --HOLE-- [fill = 0]
                  000070c0    00000006                   : BIOS.obj (.text:ti_sysbios_knl_Swi_startup__E)
                  000070c6    00000006     ti.targets.arm.rtsarm.aem4f : System.oem4f (.text:xdc_runtime_System_Module_startup__E)
                  000070cc    00000004     --HOLE-- [fill = 0]
                  000070d0    00000004     sysbios.aem4f : BIOS.obj (.text:ti_sysbios_gates_GateHwi_query__E)
                  000070d4    00000004     --HOLE-- [fill = 0]
                  000070d8    00000004                   : BIOS.obj (.text:ti_sysbios_gates_GateMutex_query__E)
                  000070dc    00000004     --HOLE-- [fill = 0]
                  000070e0    00000004                   : BIOS.obj (.text:ti_sysbios_knl_Task_startup__E)
                  000070e4    00000004     --HOLE-- [fill = 0]
                  000070e8    00000002                   : BIOS.obj (.text:ti_sysbios_gates_GateHwi_Instance_init__E)
                  000070ea    00000006     --HOLE-- [fill = 0]
                  000070f0    00000002                   : BIOS.obj (.text:ti_sysbios_knl_Clock_logTick__E)

.const     0    000070f8    00001f66     
                  000070f8    000018c1     empty_pem4f.oem4f (.const:xdc_runtime_Text_charTab__A)
                  000089b9    00000001     empty_pem4f.oem4f (.const:xdc_runtime_Error_policy__C)
                  000089ba    000000bc     empty_pem4f.oem4f (.const:xdc_runtime_Text_nodeTab__A)
                  00008a76    00000002     empty_pem4f.oem4f (.const:ti_catalog_arm_cortexm4_tiva_ce_Boot_Module__id__C)
                  00008a78    00000090     driverlib.lib : gpio.obj (.const:g_pui32GPIOBaseAddrs)
                  00008b08    00000070                   : interrupt.obj (.const)
                  00008b78    0000006c                   : sysctl.obj (.const:g_pui32Xtals)
                  00008be4    00000048     empty_pem4f.oem4f (.const:.string)
                  00008c2c    00000034     main.obj (.const:.string)
                  00008c60    00000030     rtsv7M4_T_le_v4SPD16_eabi.lib : e_pow.c.obj (.const:$O1$$)
                  00008c90    00000028     empty_pem4f.oem4f (.const:ti_sysbios_heaps_HeapMem_Module__FXNS__C)
                  00008cb8    00000024     empty_pem4f.oem4f (.const:ti_sysbios_gates_GateHwi_Module__FXNS__C)
                  00008cdc    00000024     empty_pem4f.oem4f (.const:ti_sysbios_gates_GateMutex_Module__FXNS__C)
                  00008d00    00000024     empty_pem4f.oem4f (.const:ti_sysbios_heaps_HeapMem_Object__PARAMS__C)
                  00008d24    00000024     empty_pem4f.oem4f (.const:ti_sysbios_knl_Semaphore_Object__PARAMS__C)
                  00008d48    00000020     empty_pem4f.oem4f (.const)
                  00008d68    00000020     empty_pem4f.oem4f (.const:ti_sysbios_gates_GateHwi_Object__DESC__C)
                  00008d88    00000020     empty_pem4f.oem4f (.const:ti_sysbios_gates_GateMutex_Object__DESC__C)
                  00008da8    00000020     empty_pem4f.oem4f (.const:ti_sysbios_heaps_HeapMem_Object__DESC__C)
                  00008dc8    00000020     empty_pem4f.oem4f (.const:ti_sysbios_knl_Queue_Object__DESC__C)
                  00008de8    00000020     empty_pem4f.oem4f (.const:ti_sysbios_knl_Semaphore_Object__DESC__C)
                  00008e08    00000020     empty_pem4f.oem4f (.const:xdc_runtime_Startup_sfxnTab__A)
                  00008e28    00000018     empty_pem4f.oem4f (.const:ti_sysbios_gates_GateHwi_Object__PARAMS__C)
                  00008e40    00000018     empty_pem4f.oem4f (.const:ti_sysbios_gates_GateMutex_Object__PARAMS__C)
                  00008e58    00000018     empty_pem4f.oem4f (.const:ti_sysbios_knl_Queue_Object__PARAMS__C)
                  00008e70    00000014     empty_pem4f.oem4f (.const:xdc_runtime_Startup_firstFxns__A)
                  00008e84    00000010     empty_pem4f.oem4f (.const:xdc_runtime_Startup_sfxnRts__A)
                  00008e94    0000000c     main.obj (.const:g_ui32UARTBase)
                  00008ea0    0000000c     main.obj (.const:g_ui32UARTPeriph)
                  00008eac    00000008     empty_pem4f.oem4f (.const:ti_sysbios_family_arm_m3_Hwi_excHookFuncs__A)
                  00008eb4    00000008     empty_pem4f.oem4f (.const:ti_sysbios_knl_Idle_funcList__C)
                  00008ebc    00000008     empty_pem4f.oem4f (.const:xdc_runtime_Startup_firstFxns__C)
                  00008ec4    00000008     empty_pem4f.oem4f (.const:xdc_runtime_Startup_lastFxns__C)
                  00008ecc    00000004     main.obj (.const)
                  00008ed0    00000004     empty_pem4f.oem4f (.const:ti_catalog_arm_cortexm4_tiva_ce_Boot_A_mustUseEnhancedClockMode__C)
                  00008ed4    00000004     empty_pem4f.oem4f (.const:ti_catalog_arm_cortexm4_tiva_ce_Boot_Module__diagsEnabled__C)
                  00008ed8    00000004     empty_pem4f.oem4f (.const:ti_catalog_arm_cortexm4_tiva_ce_Boot_Module__diagsIncluded__C)
                  00008edc    00000004     empty_pem4f.oem4f (.const:ti_catalog_arm_cortexm4_tiva_ce_Boot_Module__diagsMask__C)
                  00008ee0    00000004     empty_pem4f.oem4f (.const:ti_sysbios_family_arm_lm4_Timer_enableFunc__C)
                  00008ee4    00000004     empty_pem4f.oem4f (.const:ti_sysbios_family_arm_lm4_Timer_numTimerDevices__C)
                  00008ee8    00000004     empty_pem4f.oem4f (.const:ti_sysbios_family_arm_lm4_Timer_startupNeeded__C)
                  00008eec    00000004     empty_pem4f.oem4f (.const:ti_sysbios_family_arm_m3_Hwi_E_NMI__C)
                  00008ef0    00000004     empty_pem4f.oem4f (.const:ti_sysbios_family_arm_m3_Hwi_E_busFault__C)
                  00008ef4    00000004     empty_pem4f.oem4f (.const:ti_sysbios_family_arm_m3_Hwi_E_debugMon__C)
                  00008ef8    00000004     empty_pem4f.oem4f (.const:ti_sysbios_family_arm_m3_Hwi_E_hardFault__C)
                  00008efc    00000004     empty_pem4f.oem4f (.const:ti_sysbios_family_arm_m3_Hwi_E_memFault__C)
                  00008f00    00000004     empty_pem4f.oem4f (.const:ti_sysbios_family_arm_m3_Hwi_E_noIsr__C)
                  00008f04    00000004     empty_pem4f.oem4f (.const:ti_sysbios_family_arm_m3_Hwi_E_reserved__C)
                  00008f08    00000004     empty_pem4f.oem4f (.const:ti_sysbios_family_arm_m3_Hwi_E_svCall__C)
                  00008f0c    00000004     empty_pem4f.oem4f (.const:ti_sysbios_family_arm_m3_Hwi_E_usageFault__C)
                  00008f10    00000004     empty_pem4f.oem4f (.const:ti_sysbios_family_arm_m3_Hwi_NUM_INTERRUPTS__C)
                  00008f14    00000004     empty_pem4f.oem4f (.const:ti_sysbios_family_arm_m3_Hwi_Object__count__C)
                  00008f18    00000004     empty_pem4f.oem4f (.const:ti_sysbios_family_arm_m3_Hwi_ccr__C)
                  00008f1c    00000004     empty_pem4f.oem4f (.const:ti_sysbios_family_arm_m3_Hwi_excHandlerFunc__C)
                  00008f20    00000004     empty_pem4f.oem4f (.const:ti_sysbios_family_arm_m3_Hwi_excHookFuncs__C)
                  00008f24    00000004     empty_pem4f.oem4f (.const:ti_sysbios_family_arm_m3_Hwi_nullIsrFunc__C)
                  00008f28    00000004     empty_pem4f.oem4f (.const:ti_sysbios_family_arm_m3_Hwi_priGroup__C)
                  00008f2c    00000004     empty_pem4f.oem4f (.const:ti_sysbios_gates_GateMutex_A_badContext__C)
                  00008f30    00000004     empty_pem4f.oem4f (.const:ti_sysbios_gates_GateMutex_Instance_State_sem__O)
                  00008f34    00000004     empty_pem4f.oem4f (.const:ti_sysbios_gates_GateMutex_Module__diagsEnabled__C)
                  00008f38    00000004     empty_pem4f.oem4f (.const:ti_sysbios_gates_GateMutex_Module__diagsIncluded__C)
                  00008f3c    00000004     empty_pem4f.oem4f (.const:ti_sysbios_gates_GateMutex_Module__diagsMask__C)
                  00008f40    00000004     empty_pem4f.oem4f (.const:ti_sysbios_hal_Hwi_E_stackOverflow__C)
                  00008f44    00000004     empty_pem4f.oem4f (.const:ti_sysbios_heaps_HeapMem_A_align__C)
                  00008f48    00000004     empty_pem4f.oem4f (.const:ti_sysbios_heaps_HeapMem_A_heapSize__C)
                  00008f4c    00000004     empty_pem4f.oem4f (.const:ti_sysbios_heaps_HeapMem_A_invalidFree__C)
                  00008f50    00000004     empty_pem4f.oem4f (.const:ti_sysbios_heaps_HeapMem_A_zeroBlock__C)
                  00008f54    00000004     empty_pem4f.oem4f (.const:ti_sysbios_heaps_HeapMem_E_memory__C)
                  00008f58    00000004     empty_pem4f.oem4f (.const:ti_sysbios_heaps_HeapMem_Module__diagsEnabled__C)
                  00008f5c    00000004     empty_pem4f.oem4f (.const:ti_sysbios_heaps_HeapMem_Module__diagsIncluded__C)
                  00008f60    00000004     empty_pem4f.oem4f (.const:ti_sysbios_heaps_HeapMem_Module__diagsMask__C)
                  00008f64    00000004     empty_pem4f.oem4f (.const:ti_sysbios_heaps_HeapMem_Module__gateObj__C)
                  00008f68    00000004     empty_pem4f.oem4f (.const:ti_sysbios_heaps_HeapMem_Object__count__C)
                  00008f6c    00000004     empty_pem4f.oem4f (.const:ti_sysbios_heaps_HeapMem_reqAlign__C)
                  00008f70    00000004     empty_pem4f.oem4f (.const:ti_sysbios_knl_Clock_Module_State_clockQ__O)
                  00008f74    00000004     empty_pem4f.oem4f (.const:ti_sysbios_knl_Idle_funcList__A)
                  00008f78    00000004     empty_pem4f.oem4f (.const:ti_sysbios_knl_Semaphore_A_badContext__C)
                  00008f7c    00000004     empty_pem4f.oem4f (.const:ti_sysbios_knl_Semaphore_A_noEvents__C)
                  00008f80    00000004     empty_pem4f.oem4f (.const:ti_sysbios_knl_Semaphore_A_overflow__C)
                  00008f84    00000004     empty_pem4f.oem4f (.const:ti_sysbios_knl_Semaphore_A_pendTaskDisabled__C)
                  00008f88    00000004     empty_pem4f.oem4f (.const:ti_sysbios_knl_Semaphore_Instance_State_pendQ__O)
                  00008f8c    00000004     empty_pem4f.oem4f (.const:ti_sysbios_knl_Semaphore_Module__diagsEnabled__C)
                  00008f90    00000004     empty_pem4f.oem4f (.const:ti_sysbios_knl_Semaphore_Module__diagsIncluded__C)
                  00008f94    00000004     empty_pem4f.oem4f (.const:ti_sysbios_knl_Semaphore_Module__diagsMask__C)
                  00008f98    00000004     empty_pem4f.oem4f (.const:ti_sysbios_knl_Swi_Object__count__C)
                  00008f9c    00000004     empty_pem4f.oem4f (.const:ti_sysbios_knl_Task_E_spOutOfBounds__C)
                  00008fa0    00000004     empty_pem4f.oem4f (.const:ti_sysbios_knl_Task_E_stackOverflow__C)
                  00008fa4    00000004     empty_pem4f.oem4f (.const:ti_sysbios_knl_Task_Module_State_inactiveQ__O)
                  00008fa8    00000004     empty_pem4f.oem4f (.const:ti_sysbios_knl_Task_Object__count__C)
                  00008fac    00000004     empty_pem4f.oem4f (.const:ti_sysbios_knl_Task_allBlockedFunc__C)
                  00008fb0    00000004     empty_pem4f.oem4f (.const:ti_sysbios_knl_Task_numConstructedTasks__C)
                  00008fb4    00000004     empty_pem4f.oem4f (.const:xdc_runtime_Assert_E_assertFailed__C)
                  00008fb8    00000004     empty_pem4f.oem4f (.const:xdc_runtime_Core_A_initializedParams__C)
                  00008fbc    00000004     empty_pem4f.oem4f (.const:xdc_runtime_Core_Module__diagsEnabled__C)
                  00008fc0    00000004     empty_pem4f.oem4f (.const:xdc_runtime_Core_Module__diagsIncluded__C)
                  00008fc4    00000004     empty_pem4f.oem4f (.const:xdc_runtime_Core_Module__diagsMask__C)
                  00008fc8    00000004     empty_pem4f.oem4f (.const:xdc_runtime_Error_E_memory__C)
                  00008fcc    00000004     empty_pem4f.oem4f (.const:xdc_runtime_Error_Module__diagsEnabled__C)
                  00008fd0    00000004     empty_pem4f.oem4f (.const:xdc_runtime_Error_Module__diagsIncluded__C)
                  00008fd4    00000004     empty_pem4f.oem4f (.const:xdc_runtime_Error_Module__diagsMask__C)
                  00008fd8    00000004     empty_pem4f.oem4f (.const:xdc_runtime_Error_Module__loggerFxn8__C)
                  00008fdc    00000004     empty_pem4f.oem4f (.const:xdc_runtime_Error_Module__loggerObj__C)
                  00008fe0    00000004     empty_pem4f.oem4f (.const:xdc_runtime_Error_policyFxn__C)
                  00008fe4    00000004     empty_pem4f.oem4f (.const:xdc_runtime_Error_raiseHook__C)
                  00008fe8    00000004     empty_pem4f.oem4f (.const:xdc_runtime_IGateProvider_Interface__BASE__C)
                  00008fec    00000004     empty_pem4f.oem4f (.const:xdc_runtime_IHeap_Interface__BASE__C)
                  00008ff0    00000004     empty_pem4f.oem4f (.const:xdc_runtime_IModule_Interface__BASE__C)
                  00008ff4    00000004     empty_pem4f.oem4f (.const:xdc_runtime_Log_L_error__C)
                  00008ff8    00000004     empty_pem4f.oem4f (.const:xdc_runtime_Memory_defaultHeapInstance__C)
                  00008ffc    00000004     empty_pem4f.oem4f (.const:xdc_runtime_Startup_execImpl__C)
                  00009000    00000004     empty_pem4f.oem4f (.const:xdc_runtime_Startup_maxPasses__C)
                  00009004    00000004     empty_pem4f.oem4f (.const:xdc_runtime_Startup_sfxnRts__C)
                  00009008    00000004     empty_pem4f.oem4f (.const:xdc_runtime_Startup_sfxnTab__C)
                  0000900c    00000004     empty_pem4f.oem4f (.const:xdc_runtime_SysMin_bufSize__C)
                  00009010    00000004     empty_pem4f.oem4f (.const:xdc_runtime_SysMin_outputFunc__C)
                  00009014    00000004     empty_pem4f.oem4f (.const:xdc_runtime_System_Module__gateObj__C)
                  00009018    00000004     empty_pem4f.oem4f (.const:xdc_runtime_System_abortFxn__C)
                  0000901c    00000004     empty_pem4f.oem4f (.const:xdc_runtime_System_exitFxn__C)
                  00009020    00000004     empty_pem4f.oem4f (.const:xdc_runtime_System_extendFxn__C)
                  00009024    00000004     empty_pem4f.oem4f (.const:xdc_runtime_System_maxAtexitHandlers__C)
                  00009028    00000004     empty_pem4f.oem4f (.const:xdc_runtime_Text_charTab__C)
                  0000902c    00000004     empty_pem4f.oem4f (.const:xdc_runtime_Text_nameEmpty__C)
                  00009030    00000004     empty_pem4f.oem4f (.const:xdc_runtime_Text_nameStatic__C)
                  00009034    00000004     empty_pem4f.oem4f (.const:xdc_runtime_Text_nameUnknown__C)
                  00009038    00000004     empty_pem4f.oem4f (.const:xdc_runtime_Text_nodeTab__C)
                  0000903c    00000004     empty_pem4f.oem4f (.const:xdc_runtime_Text_visitRopeFxn__C)
                  00009040    00000002     empty_pem4f.oem4f (.const:ti_sysbios_family_arm_m3_Hwi_Module__id__C)
                  00009042    00000002     empty_pem4f.oem4f (.const:ti_sysbios_gates_GateMutex_Module__id__C)
                  00009044    00000002     empty_pem4f.oem4f (.const:ti_sysbios_hal_Hwi_Module__id__C)
                  00009046    00000002     empty_pem4f.oem4f (.const:ti_sysbios_heaps_HeapMem_Module__id__C)
                  00009048    00000002     empty_pem4f.oem4f (.const:ti_sysbios_knl_Semaphore_Module__id__C)
                  0000904a    00000002     empty_pem4f.oem4f (.const:ti_sysbios_knl_Task_Module__id__C)
                  0000904c    00000002     empty_pem4f.oem4f (.const:xdc_runtime_Core_Module__id__C)
                  0000904e    00000002     empty_pem4f.oem4f (.const:xdc_runtime_Error_Module__loggerDefined__C)
                  00009050    00000002     empty_pem4f.oem4f (.const:xdc_runtime_Error_maxDepth__C)
                  00009052    00000002     empty_pem4f.oem4f (.const:xdc_runtime_Memory_Module__id__C)
                  00009054    00000002     empty_pem4f.oem4f (.const:xdc_runtime_SysMin_flushAtExit__C)
                  00009056    00000002     empty_pem4f.oem4f (.const:xdc_runtime_Text_charCnt__C)
                  00009058    00000002     empty_pem4f.oem4f (.const:xdc_runtime_Text_isLoaded__C)
                  0000905a    00000002     empty_pem4f.oem4f (.const:xdc_runtime_Text_registryModsLastId__C)
                  0000905c    00000002     empty_pem4f.oem4f (.const:xdc_runtime_Text_unnamedModsLastId__C)

.cinit     0    00009060    00000290     
                  00009060    00000259     (.cinit..data.load) [load image, compression = lzss]
                  000092b9    00000003     --HOLE-- [fill = 0]
                  000092bc    0000000c     (__TI_handler_table)
                  000092c8    00000008     (.cinit..bss.load) [load image, compression = zero_init]
                  000092d0    00000008     (.cinit..vecs.load) [load image, compression = zero_init]
                  000092d8    00000018     (__TI_cinit_table)

.init_array 
*          0    00000000    00000000     UNINITIALIZED

.resetVecs 
*          0    00000000    0000003c     
                  00000000    0000003c     empty_pem4f.oem4f (.resetVecs)

.bss       0    20000360    00000de0     UNINITIALIZED
                  20000360    00000400     empty_pem4f.oem4f (.bss:taskStackSection)
                  20000760    00000400     (.common:ti_sysbios_heaps_HeapMem_Instance_State_0_buf__A)
                  20000b60    00000360     (.common:ti_sysbios_family_arm_m3_Hwi_dispatchTable)
                  20000ec0    00000120     rtsv7M4_T_le_v4SPD16_eabi.lib : trgmsg.c.obj (.bss:_CIOBUF_)
                  20000fe0    00000080     (.common:xdc_runtime_SysMin_Module_State_0_outbuf__A)
                  20001060    00000050     (.common:ping)
                  200010b0    00000050     (.common:pong)
                  20001100    00000008     (.common:parmbuf)
                  20001108    00000004     (.common:D)
                  2000110c    00000004     (.common:I)
                  20001110    00000004     (.common:P)
                  20001114    00000004     (.common:Setpoint)
                  20001118    00000004     (.common:adc)
                  2000111c    00000004     (.common:adc_front)
                  20001120    00000004     (.common:adc_side)
                  20001124    00000004     (.common:current_side)
                  20001128    00000004     (.common:duty1)
                  2000112c    00000004     (.common:error)
                  20001130    00000004     (.common:i)
                  20001134    00000004     (.common:pwm_clk)
                  20001138    00000004     (.common:val_load)
                  2000113c    00000004     (.common:y)

.data      0    20001140    000005a6     UNINITIALIZED
                  20001140    000000f0     empty_pem4f.oem4f (.data:ti_sysbios_knl_Swi_Object__table__V)
                  20001230    00000098     empty_pem4f.oem4f (.data:ti_sysbios_knl_Task_Object__table__V)
                  200012c8    00000080     empty_pem4f.oem4f (.data:ti_sysbios_knl_Swi_Module_State_0_readyQ__A)
                  20001348    00000080     empty_pem4f.oem4f (.data:ti_sysbios_knl_Task_Module_State_0_readyQ__A)
                  200013c8    00000048     empty_pem4f.oem4f (.data:ti_sysbios_family_arm_m3_Hwi_Object__table__V)
                  20001410    00000044     empty_pem4f.oem4f (.data:ti_sysbios_knl_Task_Module__state__V)
                  20001454    00000040     main.obj (.data:directory)
                  20001494    00000040     empty_pem4f.oem4f (.data:ti_sysbios_family_arm_lm4_Timer_Object__table__V)
                  200014d4    00000038     empty_pem4f.oem4f (.data:ti_sysbios_gates_GateMutex_Object__table__V)
                  2000150c    00000034     empty_pem4f.oem4f (.data:ti_sysbios_family_arm_m3_Hwi_Module__state__V)
                  20001540    00000030     empty_pem4f.oem4f (.data:ti_sysbios_family_arm_lm4_Timer_Module_State_0_device__A)
                  20001570    0000002e     main.obj (.data)
                  2000159e    00000002     empty_pem4f.oem4f (.data:ti_sysbios_family_arm_m3_Hwi_Module_State_0_excActive__A)
                  200015a0    0000002c     empty_pem4f.oem4f (.data:ti_sysbios_knl_Clock_Module__state__V)
                  200015cc    00000024     empty_pem4f.oem4f (.data:ti_sysbios_BIOS_Module__state__V)
                  200015f0    0000001c     empty_pem4f.oem4f (.data:ti_sysbios_knl_Swi_Module__state__V)
                  2000160c    00000018     empty_pem4f.oem4f (.data:ti_sysbios_family_arm_lm4_Timer_Module_State_0_handles__A)
                  20001624    00000018     empty_pem4f.oem4f (.data:ti_sysbios_heaps_HeapMem_Object__table__V)
                  2000163c    00000014     empty_pem4f.oem4f (.data:ti_sysbios_knl_Semaphore_Object__table__V)
                  20001650    00000010     empty_pem4f.oem4f (.data:ti_sysbios_hal_Hwi_Object__table__V)
                  20001660    0000000c     empty_pem4f.oem4f (.data:ti_sysbios_family_arm_lm4_Timer_Module__state__V)
                  2000166c    0000000c     empty_pem4f.oem4f (.data:xdc_runtime_SysMin_Module__state__V)
                  20001678    00000008     rtsv7M4_T_le_v4SPD16_eabi.lib : _lock.c.obj (.data:$O1$$)
                  20001680    00000008     empty_pem4f.oem4f (.data:ti_sysbios_gates_GateHwi_Module__root__V)
                  20001688    00000008     empty_pem4f.oem4f (.data:ti_sysbios_gates_GateMutex_Module__root__V)
                  20001690    00000008     empty_pem4f.oem4f (.data:ti_sysbios_heaps_HeapMem_Module__root__V)
                  20001698    00000008     empty_pem4f.oem4f (.data:ti_sysbios_knl_Queue_Module__root__V)
                  200016a0    00000008     empty_pem4f.oem4f (.data:ti_sysbios_knl_Semaphore_Module__root__V)
                  200016a8    00000008     empty_pem4f.oem4f (.data:xdc_runtime_Registry_Module__state__V)
                  200016b0    00000008     empty_pem4f.oem4f (.data:xdc_runtime_Startup_Module__state__V)
                  200016b8    00000008     empty_pem4f.oem4f (.data:xdc_runtime_System_Module_State_0_atexitHandlers__A)
                  200016c0    00000008     empty_pem4f.oem4f (.data:xdc_runtime_System_Module__state__V)
                  200016c8    00000004     rtsv7M4_T_le_v4SPD16_eabi.lib : errno.c.obj (.data)
                  200016cc    00000004                                   : stkdepth_vars.c.obj (.data)
                  200016d0    00000004     empty_pem4f.oem4f (.data:ti_sysbios_family_arm_m3_Hwi_Module_State_0_excContext__A)
                  200016d4    00000004     empty_pem4f.oem4f (.data:ti_sysbios_family_arm_m3_Hwi_Module_State_0_excStack__A)
                  200016d8    00000004     empty_pem4f.oem4f (.data:ti_sysbios_gates_GateHwi_Object__table__V)
                  200016dc    00000004     empty_pem4f.oem4f (.data:ti_sysbios_knl_Task_Module_State_0_idleTask__A)
                  200016e0    00000004     empty_pem4f.oem4f (.data:xdc_runtime_Memory_Module__state__V)
                  200016e4    00000002     empty_pem4f.oem4f (.data:xdc_runtime_Error_Module__state__V)

.stack     0    200016e8    00000300     UNINITIALIZED
                  200016e8    00000300     --HOLE--

.bootVecs 
*          0    00000000    00000008     DSECT
                  00000000    00000008     boot.aem4f : boot.oem4f (.bootVecs)

.vecs      0    20000000    00000360     UNINITIALIZED
                  20000000    00000360     empty_pem4f.oem4f (.vecs)

xdc.meta   0    00000000    000000db     COPY SECTION
                  00000000    000000db     empty_pem4f.oem4f (xdc.meta)

__llvm_prf_cnts 
*          0    20000000    00000000     UNINITIALIZED

MODULE SUMMARY

       Module                       code    ro data   rw data
       ------                       ----    -------   -------
    .\
       main.obj                     4338    80        326    
    +--+----------------------------+-------+---------+---------+
       Total:                       4338    80        326    
                                                             
    C:\Users\phatt\Downloads\CCS\robot\Debug\configPkg\package\cfg\
       empty_pem4f.oem4f            1446    7606      5224   
    +--+----------------------------+-------+---------+---------+
       Total:                       1446    7606      5224   
                                                             
    C:/ti/tirtos_tivac_2_16_01_14/products/TivaWare_C_Series-2.1.1.71b/driverlib/ccs/Debug/driverlib.lib
       sysctl.obj                   642     108       0      
       gpio.obj                     526     144       0      
       adc.obj                      276     0         0      
       interrupt.obj                104     112       0      
       uart.obj                     168     0         0      
       timer.obj                    150     0         0      
       pwm.obj                      110     0         0      
    +--+----------------------------+-------+---------+---------+
       Total:                       1976    364       0      
                                                             
    C:\Users\phatt\Downloads\CCS\robot\src\sysbios\sysbios.aem4f
       BIOS.obj                     10160   0         0      
       m3_Hwi_asm.obj               314     0         0      
       m3_TaskSupport_asm.obj       180     0         0      
       m3_Hwi_asm_switch.obj        118     0         0      
    +--+----------------------------+-------+---------+---------+
       Total:                       10772   0         0      
                                                             
    C:\ti\ccs1040\ccs\tools\compiler\ti-cgt-arm_20.2.5.LTS\lib\rtsv7M4_T_le_v4SPD16_eabi.lib
       e_pow.c.obj                  2512    48        0      
       fd_add_t2.asm.obj            438     0         0      
       trgmsg.c.obj                 108     0         288    
       e_sqrt.c.obj                 344     0         0      
       fd_div_t2.asm.obj            310     0         0      
       s_scalbn.c.obj               272     0         0      
       fd_cmp_t2.asm.obj            268     0         0      
       fd_mul_t2.asm.obj            252     0         0      
       memcpy_t2.asm.obj            156     0         0      
       memset_t2.asm.obj            122     0         0      
       fd_tos_t2.asm.obj            110     0         0      
       copy_decompress_lzss.c.obj   104     0         0      
       hostwrite.c.obj              88      0         0      
       cpy_tbl.c.obj                76      0         0      
       u_divt2.asm.obj              64      0         0      
       fs_tod_t2.asm.obj            56      0         0      
       i_tofd_t2.asm.obj            46      0         0      
       _lock.c.obj                  26      0         8      
       u_tofd_t2.asm.obj            32      0         0      
       s_copysign.c.obj             26      0         0      
       args_main.c.obj              24      0         0      
       strlen.c.obj                 20      0         0      
       copy_decompress_none.c.obj   14      0         0      
       copy_zero_init.c.obj         12      0         0      
       errno.c.obj                  8       0         4      
       hostopen.c.obj               0       0         8      
       exit.c.obj                   4       0         0      
       stkdepth_vars.c.obj          0       0         4      
       div0.asm.obj                 2       0         0      
    +--+----------------------------+-------+---------+---------+
       Total:                       5494    48        312    
                                                             
    C:\ti\tirtos_tivac_2_16_01_14\products\bios_6_45_02_31\packages\ti\catalog\arm\cortexm4\tiva\ce\lib\Boot.aem4f
       Boot_sysctl.oem4f            262     0         0      
       Boot.oem4f                   152     0         0      
    +--+----------------------------+-------+---------+---------+
       Total:                       414     0         0      
                                                             
    C:\ti\tirtos_tivac_2_16_01_14\products\bios_6_45_02_31\packages\ti\targets\arm\rtsarm\lib\auto_init.aem4f
       auto_init.oem4f              160     0         0      
    +--+----------------------------+-------+---------+---------+
       Total:                       160     0         0      
                                                             
    C:\ti\tirtos_tivac_2_16_01_14\products\bios_6_45_02_31\packages\ti\targets\arm\rtsarm\lib\boot.aem4f
       boot.oem4f                   88      0         0      
    +--+----------------------------+-------+---------+---------+
       Total:                       88      0         0      
                                                             
    C:\ti\tirtos_tivac_2_16_01_14\products\bios_6_45_02_31\packages\ti\targets\arm\rtsarm\lib\ti.targets.arm.rtsarm.aem4f
       System.oem4f                 1255    0         0      
       Text.oem4f                   672     0         0      
       Error.oem4f                  524     0         0      
       Core-mem.oem4f               358     0         0      
       Startup.oem4f                328     0         0      
       SysMin.oem4f                 248     0         0      
       Core-smem.oem4f              204     0         0      
       Memory.oem4f                 176     0         0      
       Assert.oem4f                 84      0         0      
       Core-params.oem4f            70      0         0      
       Core-label.oem4f             52      0         0      
       Registry.oem4f               32      0         0      
       Gate.oem4f                   28      0         0      
    +--+----------------------------+-------+---------+---------+
       Total:                       4031    0         0      
                                                             
       Stack:                       0       0         768    
       Linker Generated:            0       653       0      
    +--+----------------------------+-------+---------+---------+
       Grand Total:                 28719   8751      6630   


LINKER GENERATED COPY TABLES

__TI_cinit_table @ 000092d8 records: 3, size/record: 8, table size: 24
	.data: load addr=00009060, load size=00000259 bytes, run addr=20001140, run size=000005a6 bytes, compression=lzss
	.bss: load addr=000092c8, load size=00000008 bytes, run addr=20000360, run size=00000de0 bytes, compression=zero_init
	.vecs: load addr=000092d0, load size=00000008 bytes, run addr=20000000, run size=00000360 bytes, compression=zero_init


LINKER GENERATED HANDLER TABLE

__TI_handler_table @ 000092bc records: 3, size/record: 4, table size: 12
	index: 0, handler: __TI_decompress_lzss
	index: 1, handler: __TI_decompress_none
	index: 2, handler: __TI_zero_init


GLOBAL SYMBOLS: SORTED ALPHABETICALLY BY Name 

address   name                                                              
-------   ----                                                              
00007021  ADCIntClear                                                       
00006bcf  ADCProcessorTrigger                                               
00005d11  ADCSequenceConfigure                                              
000069a9  ADCSequenceDataGet                                                
00006f09  ADCSequenceDisable                                                
00006f17  ADCSequenceEnable                                                 
00004bbd  ADCSequenceStepConfigure                                          
00008d4c  Bluetooth_UART                                                    
00001f65  C$$EXIT                                                           
00005eb3  C$$IO$$                                                           
20001108  D                                                                 
20001584  Data_collect                                                      
000064f5  GPIODirModeSet                                                    
00003165  GPIOPadConfigSet                                                  
00005985  GPIOPinConfigure                                                  
000050eb  GPIOPinRead                                                       
00006d95  GPIOPinTypeADC                                                    
00006da7  GPIOPinTypeGPIOInput                                              
00006be7  GPIOPinTypeGPIOOutput                                             
00006db9  GPIOPinTypePWM                                                    
00006dcb  GPIOPinTypeUART                                                   
00005ccb  GPIOPinWrite                                                      
00005511  HOSTwrite                                                         
00001a81  Hardware_Init                                                     
2000110c  I                                                                 
00004fb5  IntEnable                                                         
00002565  LightSensor                                                       
20001110  P                                                                 
0000118d  PID                                                               
000067f9  PWMGenConfigure                                                   
00006f7d  PWMGenEnable                                                      
00006e25  PWMGenPeriodSet                                                   
00006ddd  PWMOutputState                                                    
000069c7  PWMPulseWidthSet                                                  
00006c01  RunTask                                                           
UNDEFED   SHT$$INIT_ARRAY$$Base                                             
UNDEFED   SHT$$INIT_ARRAY$$Limit                                            
20001114  Setpoint                                                          
000034bd  SysCtlClockGet                                                    
00003ba9  SysCtlClockSet                                                    
0000681b  SysCtlDelay                                                       
00006d09  SysCtlPWMClockSet                                                 
00005fd9  SysCtlPeripheralEnable                                            
00005e4d  SysCtlPeripheralPresent                                           
00008d48  Timer2_50ms                                                       
000051bd  TimerConfigure                                                    
00006f25  TimerEnable                                                       
000017ad  TimerIntClear                                                     
00007067  TimerIntEnable                                                    
00006def  TimerLoadSet                                                      
0000702b  TimerValueGet                                                     
00004871  Turn                                                              
00007035  UARTCharGet                                                       
0000703f  UARTCharPut                                                       
00006f89  UARTCharsAvail                                                    
00005c49  UARTConfigSetExpClk                                               
00006a05  UARTDisable                                                       
00006d1d  UARTEnable                                                        
00001cf5  UARTIntClear                                                      
0000706f  UARTIntEnable                                                     
00007049  UARTIntStatus                                                     
000055c1  UARTStdioConfig                                                   
000066ad  UARTprintf                                                        
000014a1  UARTvprintf                                                       
00005801  UARTwrite                                                         
00000000  __ASM__                                                           
20000ec0  __CIOBUF_                                                         
00000059  __ISA__                                                           
0000006c  __PLAT__                                                          
200019e8  __STACK_END                                                       
00000300  __STACK_SIZE                                                      
0000008d  __TARG__                                                          
000092d8  __TI_CINIT_Base                                                   
000092f0  __TI_CINIT_Limit                                                  
000092bc  __TI_Handler_Table_Base                                           
000092c8  __TI_Handler_Table_Limit                                          
00004429  __TI_auto_init                                                    
0000501d  __TI_decompress_lzss                                              
00006f33  __TI_decompress_none                                              
ffffffff  __TI_pprof_out_hndl                                               
ffffffff  __TI_prof_data_size                                               
ffffffff  __TI_prof_data_start                                              
0000600d  __TI_readmsg                                                      
00009060  __TI_static_base__                                                
00005e85  __TI_writemsg                                                     
00006fad  __TI_zero_init                                                    
000000b3  __TRDR__                                                          
00004a29  __aeabi_cdcmpeq                                                   
00004a29  __aeabi_cdcmple                                                   
00004aaf  __aeabi_cdrcmple                                                  
00004d91  __aeabi_d2f                                                       
000023b7  __aeabi_dadd                                                      
00002dc5  __aeabi_ddiv                                                      
000037c9  __aeabi_dmul                                                      
000023ad  __aeabi_dsub                                                      
00007079  __aeabi_errno_addr                                                
00005ebd  __aeabi_f2d                                                       
00006391  __aeabi_i2d                                                       
00002efb  __aeabi_idiv0                                                     
00002efb  __aeabi_ldiv0                                                     
00004c37  __aeabi_memclr                                                    
00004c37  __aeabi_memclr4                                                   
00004c37  __aeabi_memclr8                                                   
00004569  __aeabi_memcpy                                                    
00004569  __aeabi_memcpy4                                                   
00004569  __aeabi_memcpy8                                                   
00004c39  __aeabi_memset                                                    
00004c39  __aeabi_memset4                                                   
00004c39  __aeabi_memset8                                                   
00006865  __aeabi_ui2d                                                      
00005c8b  __aeabi_uidiv                                                     
00005c8b  __aeabi_uidivmod                                                  
ffffffff  __binit__                                                         
ffffffff  __c_args__                                                        
200016e8  __stack                                                           
20000000  __start___llvm_prf_cnts                                           
20000000  __stop___llvm_prf_cnts                                            
00006c19  _args_main                                                        
000054b9  _c_int00                                                          
20001678  _lock                                                             
00002563  _nop                                                              
00006f95  _register_lock                                                    
00006fa1  _register_unlock                                                  
2000167c  _unlock                                                           
00001f65  abort                                                             
20001118  adc                                                               
2000111c  adc_front                                                         
00006549  adc_read_front                                                    
00006571  adc_read_side                                                     
20001120  adc_side                                                          
ffffffff  binit                                                             
000063c1  blueLED                                                           
20001587  buffer_overwrite                                                  
0000584d  copy_in                                                           
00006ae5  copysign                                                          
00006ae5  copysignl                                                         
20001588  countPing                                                         
2000158c  countPong                                                         
20001598  counter                                                           
00003d85  current_distance                                                  
20001124  current_side                                                      
20001454  directory                                                         
2000159c  directoryCount                                                    
2000157c  duty                                                              
20001128  duty1                                                             
200016c8  errno                                                             
2000112c  error                                                             
20001578  error_side                                                        
20001594  finishline                                                        
00004741  getMsg                                                            
00005615  goForward                                                         
00005669  goReverse                                                         
000063ed  greenLED                                                          
[...]
00007081  ti_sysbios_family_arm_lm4_Timer_masterDisable__I                  
00007089  ti_sysbios_family_arm_m3_Hwi_doSwiRestore__I                      
00007091  ti_sysbios_family_arm_m3_Hwi_startup__E                           
00007091  ti_sysbios_hal_Hwi_HwiProxy_startup__E                            
00007091  ti_sysbios_hal_Hwi_startup__E                                     
00007099  ti_catalog_arm_cortexm4_tiva_ce_Boot_sysCtlDelayI__I              
000070a1  ti_sysbios_family_arm_m3_Hwi_doTaskRestore__I                     
000070a9  ti_sysbios_gates_GateHwi_leave__E                                 
000070b1  ti_sysbios_heaps_HeapMem_isBlocking__E                            
000070b9  ti_sysbios_knl_Queue_Instance_init__E                             
000070c1  ti_sysbios_knl_Swi_startup__E                                     
000070c7  xdc_runtime_System_Module_startup__E                              
000070d1  ti_sysbios_gates_GateHwi_query__E                                 
000070d1  xdc_runtime_Main_Module_GateProxy_query__E                        
000070d1  xdc_runtime_System_Module_GateProxy_query__E                      
000070d9  ti_sysbios_BIOS_RtsGateProxy_query__E                             
000070d9  ti_sysbios_gates_GateMutex_query__E                               
000070d9  ti_sysbios_heaps_HeapMem_Module_GateProxy_query__E                
000070e1  ti_sysbios_knl_Task_startup__E                                    
000070e9  ti_sysbios_gates_GateHwi_Instance_init__E                         
000070f1  ti_sysbios_knl_Clock_logTick__E                                   
000070f8  xdc_runtime_Text_charTab__A                                       
000089b9  xdc_runtime_Error_policy__C                                       
000089ba  xdc_runtime_Text_nodeTab__A                                       
00008a76  ti_catalog_arm_cortexm4_tiva_ce_Boot_Module__id__C                
00008c90  ti_sysbios_heaps_HeapMem_Module__FXNS__C                          
00008cb8  ti_sysbios_gates_GateHwi_Module__FXNS__C                          
00008cdc  ti_sysbios_gates_GateMutex_Module__FXNS__C                        
00008d00  ti_sysbios_heaps_HeapMem_Object__PARAMS__C                        
00008d24  ti_sysbios_knl_Semaphore_Object__PARAMS__C                        
00008d48  Timer2_50ms                                                       
00008d4c  Bluetooth_UART                                                    
00008d50  swi_PingPongBuffer                                                
00008d54  swi_Turn                                                          
00008d58  swi_PID                                                           
00008d5c  semaphore0                                                        
00008d60  task0                                                             
00008d64  swi_LightSensor                                                   
00008d68  ti_sysbios_gates_GateHwi_Object__DESC__C                          
00008d88  ti_sysbios_gates_GateMutex_Object__DESC__C                        
00008da8  ti_sysbios_heaps_HeapMem_Object__DESC__C                          
00008dc8  ti_sysbios_knl_Queue_Object__DESC__C                              
00008de8  ti_sysbios_knl_Semaphore_Object__DESC__C                          
00008e08  xdc_runtime_Startup_sfxnTab__A                                    
00008e28  ti_sysbios_gates_GateHwi_Object__PARAMS__C                        
00008e40  ti_sysbios_gates_GateMutex_Object__PARAMS__C                      
00008e58  ti_sysbios_knl_Queue_Object__PARAMS__C                            
00008e70  xdc_runtime_Startup_firstFxns__A                                  
00008e84  xdc_runtime_Startup_sfxnRts__A                                    
00008eac  ti_sysbios_family_arm_m3_Hwi_excHookFuncs__A                      
00008eb4  ti_sysbios_knl_Idle_funcList__C                                   
00008ebc  xdc_runtime_Startup_firstFxns__C                                  
00008ec4  xdc_runtime_Startup_lastFxns__C                                   
00008ed0  ti_catalog_arm_cortexm4_tiva_ce_Boot_A_mustUseEnhancedClockMode__C
00008ed4  ti_catalog_arm_cortexm4_tiva_ce_Boot_Module__diagsEnabled__C      
00008ed8  ti_catalog_arm_cortexm4_tiva_ce_Boot_Module__diagsIncluded__C     
00008edc  ti_catalog_arm_cortexm4_tiva_ce_Boot_Module__diagsMask__C         
00008ee0  ti_sysbios_family_arm_lm4_Timer_enableFunc__C                     
00008ee4  ti_sysbios_family_arm_lm4_Timer_numTimerDevices__C                
00008ee8  ti_sysbios_family_arm_lm4_Timer_startupNeeded__C                  
00008eec  ti_sysbios_family_arm_m3_Hwi_E_NMI__C                             
00008ef0  ti_sysbios_family_arm_m3_Hwi_E_busFault__C                        
00008ef4  ti_sysbios_family_arm_m3_Hwi_E_debugMon__C                        
00008ef8  ti_sysbios_family_arm_m3_Hwi_E_hardFault__C                       
00008efc  ti_sysbios_family_arm_m3_Hwi_E_memFault__C                        
00008f00  ti_sysbios_family_arm_m3_Hwi_E_noIsr__C                           
00008f04  ti_sysbios_family_arm_m3_Hwi_E_reserved__C                        
00008f08  ti_sysbios_family_arm_m3_Hwi_E_svCall__C                          
00008f0c  ti_sysbios_family_arm_m3_Hwi_E_usageFault__C                      
00008f10  ti_sysbios_family_arm_m3_Hwi_NUM_INTERRUPTS__C                    
00008f14  ti_sysbios_family_arm_m3_Hwi_Object__count__C                     
00008f18  ti_sysbios_family_arm_m3_Hwi_ccr__C                               
00008f1c  ti_sysbios_family_arm_m3_Hwi_excHandlerFunc__C                    
00008f20  ti_sysbios_family_arm_m3_Hwi_excHookFuncs__C                      
00008f24  ti_sysbios_family_arm_m3_Hwi_nullIsrFunc__C                       
00008f28  ti_sysbios_family_arm_m3_Hwi_priGroup__C                          
00008f2c  ti_sysbios_gates_GateMutex_A_badContext__C                        
00008f30  ti_sysbios_gates_GateMutex_Instance_State_sem__O                  
00008f34  ti_sysbios_gates_GateMutex_Module__diagsEnabled__C                
00008f38  ti_sysbios_gates_GateMutex_Module__diagsIncluded__C               
00008f3c  ti_sysbios_gates_GateMutex_Module__diagsMask__C                   
00008f40  ti_sysbios_hal_Hwi_E_stackOverflow__C                             
00008f44  ti_sysbios_heaps_HeapMem_A_align__C                               
00008f48  ti_sysbios_heaps_HeapMem_A_heapSize__C                            
00008f4c  ti_sysbios_heaps_HeapMem_A_invalidFree__C                         
00008f50  ti_sysbios_heaps_HeapMem_A_zeroBlock__C                           
00008f54  ti_sysbios_heaps_HeapMem_E_memory__C                              
00008f58  ti_sysbios_heaps_HeapMem_Module__diagsEnabled__C                  
00008f5c  ti_sysbios_heaps_HeapMem_Module__diagsIncluded__C                 
00008f60  ti_sysbios_heaps_HeapMem_Module__diagsMask__C                     
00008f64  ti_sysbios_heaps_HeapMem_Module__gateObj__C                       
00008f68  ti_sysbios_heaps_HeapMem_Object__count__C                         
00008f6c  ti_sysbios_heaps_HeapMem_reqAlign__C                              
00008f70  ti_sysbios_knl_Clock_Module_State_clockQ__O                       
00008f74  ti_sysbios_knl_Idle_funcList__A                                   
00008f78  ti_sysbios_knl_Semaphore_A_badContext__C                          
00008f7c  ti_sysbios_knl_Semaphore_A_noEvents__C                            
00008f80  ti_sysbios_knl_Semaphore_A_overflow__C                            
00008f84  ti_sysbios_knl_Semaphore_A_pendTaskDisabled__C                    
00008f88  ti_sysbios_knl_Semaphore_Instance_State_pendQ__O                  
00008f8c  ti_sysbios_knl_Semaphore_Module__diagsEnabled__C                  
00008f90  ti_sysbios_knl_Semaphore_Module__diagsIncluded__C                 
00008f94  ti_sysbios_knl_Semaphore_Module__diagsMask__C                     
00008f98  ti_sysbios_knl_Swi_Object__count__C                               
00008f9c  ti_sysbios_knl_Task_E_spOutOfBounds__C                            
00008fa0  ti_sysbios_knl_Task_E_stackOverflow__C                            
00008fa4  ti_sysbios_knl_Task_Module_State_inactiveQ__O                     
00008fa8  ti_sysbios_knl_Task_Object__count__C                              
00008fac  ti_sysbios_knl_Task_allBlockedFunc__C                             
00008fb0  ti_sysbios_knl_Task_numConstructedTasks__C                        
00008fb4  xdc_runtime_Assert_E_assertFailed__C                              
00008fb8  xdc_runtime_Core_A_initializedParams__C                           
00008fbc  xdc_runtime_Core_Module__diagsEnabled__C                          
00008fc0  xdc_runtime_Core_Module__diagsIncluded__C                         
00008fc4  xdc_runtime_Core_Module__diagsMask__C                             
00008fc8  xdc_runtime_Error_E_memory__C                                     
00008fcc  xdc_runtime_Error_Module__diagsEnabled__C                         
00008fd0  xdc_runtime_Error_Module__diagsIncluded__C                        
00008fd4  xdc_runtime_Error_Module__diagsMask__C                            
00008fd8  xdc_runtime_Error_Module__loggerFxn8__C                           
00008fdc  xdc_runtime_Error_Module__loggerObj__C                            
00008fe0  xdc_runtime_Error_policyFxn__C                                    
00008fe4  xdc_runtime_Error_raiseHook__C                                    
00008fe8  xdc_runtime_IGateProvider_Interface__BASE__C                      
00008fec  xdc_runtime_IHeap_Interface__BASE__C                              
00008ff0  xdc_runtime_IModule_Interface__BASE__C                            
00008ff4  xdc_runtime_Log_L_error__C                                        
00008ff8  xdc_runtime_Memory_defaultHeapInstance__C                         
00008ffc  xdc_runtime_Startup_execImpl__C                                   
00009000  xdc_runtime_Startup_maxPasses__C                                  
00009004  xdc_runtime_Startup_sfxnRts__C                                    
00009008  xdc_runtime_Startup_sfxnTab__C                                    
0000900c  xdc_runtime_SysMin_bufSize__C                                     
00009010  xdc_runtime_SysMin_outputFunc__C                                  
00009014  xdc_runtime_System_Module__gateObj__C                             
00009018  xdc_runtime_System_abortFxn__C                                    
0000901c  xdc_runtime_System_exitFxn__C                                     
00009020  xdc_runtime_System_extendFxn__C                                   
00009024  xdc_runtime_System_maxAtexitHandlers__C                           
00009028  xdc_runtime_Text_charTab__C                                       
0000902c  xdc_runtime_Text_nameEmpty__C                                     
00009030  xdc_runtime_Text_nameStatic__C                                    
00009034  xdc_runtime_Text_nameUnknown__C                                   
00009038  xdc_runtime_Text_nodeTab__C                                       
0000903c  xdc_runtime_Text_visitRopeFxn__C                                  
00009040  ti_sysbios_family_arm_m3_Hwi_Module__id__C                        
00009042  ti_sysbios_gates_GateMutex_Module__id__C                          
00009044  ti_sysbios_hal_Hwi_Module__id__C                                  
00009046  ti_sysbios_heaps_HeapMem_Module__id__C                            
00009048  ti_sysbios_knl_Semaphore_Module__id__C                            
0000904a  ti_sysbios_knl_Task_Module__id__C                                 
0000904c  xdc_runtime_Core_Module__id__C                                    
0000904e  xdc_runtime_Error_Module__loggerDefined__C                        
00009050  xdc_runtime_Error_maxDepth__C                                     
00009052  xdc_runtime_Memory_Module__id__C                                  
00009054  xdc_runtime_SysMin_flushAtExit__C                                 
00009056  xdc_runtime_Text_charCnt__C                                       
00009058  xdc_runtime_Text_isLoaded__C                                      
0000905a  xdc_runtime_Text_registryModsLastId__C                            
0000905c  xdc_runtime_Text_unnamedModsLastId__C                             
00009060  __TI_static_base__                                                
000092bc  __TI_Handler_Table_Base                                           
000092c8  __TI_Handler_Table_Limit                                          
000092d8  __TI_CINIT_Base                                                   
000092f0  __TI_CINIT_Limit                                                  
20000000  __start___llvm_prf_cnts                                           
20000000  __stop___llvm_prf_cnts                                            
20000000  ti_sysbios_family_arm_m3_Hwi_ramVectors                           
20000360  ti_sysbios_knl_Task_Instance_State_0_stack__A                     
20000560  ti_sysbios_knl_Task_Instance_State_1_stack__A                     
20000760  ti_sysbios_heaps_HeapMem_Instance_State_0_buf__A                  
20000b60  ti_sysbios_family_arm_m3_Hwi_dispatchTable                        
20000ec0  __CIOBUF_                                                         
20000fe0  xdc_runtime_SysMin_Module_State_0_outbuf__A                       
20001060  ping                                                              
200010b0  pong                                                              
20001100  parmbuf                                                           
20001108  D                                                                 
2000110c  I                                                                 
20001110  P                                                                 
20001114  Setpoint                                                          
20001118  adc                                                               
2000111c  adc_front                                                         
20001120  adc_side                                                          
20001124  current_side                                                      
20001128  duty1                                                             
2000112c  error                                                             
20001130  i                                                                 
20001134  pwm_clk                                                           
20001138  val_load                                                          
2000113c  y                                                                 
20001140  ti_sysbios_knl_Swi_Object__table__V                               
20001230  ti_sysbios_knl_Task_Object__table__V                              
200012c8  ti_sysbios_knl_Swi_Module_State_0_readyQ__A                       
20001348  ti_sysbios_knl_Task_Module_State_0_readyQ__A                      
200013c8  ti_sysbios_family_arm_m3_Hwi_Object__table__V                     
20001410  ti_sysbios_knl_Task_Module__state__V                              
20001454  directory                                                         
20001494  ti_sysbios_family_arm_lm4_Timer_Object__table__V                  
200014d4  ti_sysbios_gates_GateMutex_Object__table__V                       
2000150c  ti_sysbios_family_arm_m3_Hwi_Module__state__V                     
20001540  ti_sysbios_family_arm_lm4_Timer_Module_State_0_device__A          
20001574  motorOn                                                           
20001578  error_side                                                        
2000157c  duty                                                              
20001580  pwm                                                               
20001584  Data_collect                                                      
20001585  ping_sent                                                         
20001586  pong_sent                                                         
20001587  buffer_overwrite                                                  
20001588  countPing                                                         
2000158c  countPong                                                         
20001590  thinbl                                                            
20001594  finishline                                                        
20001598  counter                                                           
2000159c  directoryCount                                                    
2000159e  ti_sysbios_family_arm_m3_Hwi_Module_State_0_excActive__A          
200015a0  ti_sysbios_knl_Clock_Module__state__V                             
200015cc  ti_sysbios_BIOS_Module__state__V                                  
200015f0  ti_sysbios_knl_Swi_Module__state__V                               
2000160c  ti_sysbios_family_arm_lm4_Timer_Module_State_0_handles__A         
20001624  ti_sysbios_heaps_HeapMem_Object__table__V                         
2000163c  ti_sysbios_knl_Semaphore_Object__table__V                         
20001650  ti_sysbios_hal_Hwi_Object__table__V                               
20001660  ti_sysbios_family_arm_lm4_Timer_Module__state__V                  
2000166c  xdc_runtime_SysMin_Module__state__V                               
20001678  _lock                                                             
2000167c  _unlock                                                           
20001680  ti_sysbios_gates_GateHwi_Module__root__V                          
20001688  ti_sysbios_gates_GateMutex_Module__root__V                        
20001690  ti_sysbios_heaps_HeapMem_Module__root__V                          
20001698  ti_sysbios_knl_Queue_Module__root__V                              
200016a0  ti_sysbios_knl_Semaphore_Module__root__V                          
200016a8  xdc_runtime_Registry_Module__state__V                             
200016b0  xdc_runtime_Startup_Module__state__V                              
200016b8  xdc_runtime_System_Module_State_0_atexitHandlers__A               
200016c0  xdc_runtime_System_Module__state__V                               
200016c8  errno                                                             
200016cc  main_func_sp                                                      
200016d0  ti_sysbios_family_arm_m3_Hwi_Module_State_0_excContext__A         
200016d4  ti_sysbios_family_arm_m3_Hwi_Module_State_0_excStack__A           
200016d8  ti_sysbios_gates_GateHwi_Object__table__V                         
200016dc  ti_sysbios_knl_Task_Module_State_0_idleTask__A                    
200016e0  xdc_runtime_Memory_Module__state__V                               
200016e4  xdc_runtime_Error_Module__state__V                                
200016e8  __stack                                                           
200019e8  __STACK_END                                                       
e000e000  ti_sysbios_family_arm_m3_Hwi_nvic                                 
ffffffff  __TI_pprof_out_hndl                                               
ffffffff  __TI_prof_data_size                                               
ffffffff  __TI_prof_data_start                                              
ffffffff  __binit__                                                         
ffffffff  __c_args__                                                        
ffffffff  binit                                                             
UNDEFED   SHT$$INIT_ARRAY$$Base                                             
UNDEFED   SHT$$INIT_ARRAY$$Limit                                            

[619 symbols]
